// Jest Snapshot v1, https://goo.gl/fbAQLP

exports[`App renders correctly 1`] = `
"<BrowserRouter>
  <div>
    <Navbar song=\\"\\" />
    <div className=\\"container-fluid\\">
      <Route exact={true} path=\\"/\\" render={[Function: render]} />
      <Route exact={true} path=\\"/songs/:id\\" render={[Function: render]} />
    </div>
  </div>
</BrowserRouter>"
`;
